Loading model...
Loading checkpoint shards:   0%|          | 0/4 [00:00<?, ?it/s]Loading checkpoint shards:  25%|██▌       | 1/4 [00:01<00:03,  1.17s/it]Loading checkpoint shards:  50%|█████     | 2/4 [00:02<00:02,  1.10s/it]Loading checkpoint shards:  75%|███████▌  | 3/4 [00:03<00:01,  1.01s/it]Loading checkpoint shards: 100%|██████████| 4/4 [00:03<00:00,  1.44it/s]Loading checkpoint shards: 100%|██████████| 4/4 [00:03<00:00,  1.20it/s]
2026-03-20:07:07:53 INFO     [utils.attention_backends] [attention_backend] SKIPPED: flash4  gpu=SM 8.6  reason=SM < 9.0
2026-03-20:07:07:53 INFO     [utils.attention_backends] [attention_backend] SKIPPED: flash3  gpu=SM 8.6  reason=flash_attn_3 package not installed
2026-03-20:07:07:53 INFO     [utils.attention_backends] [attention_backend] SELECTED: flash2 (with kvcache)  gpu=SM 8.6  requested='auto'
2026-03-20:07:07:53 INFO     [utils.attention_backends] [flash_kvcache_attention] DISPATCHING to backend='flash2'  query=(1, 32, 28, 128)  kv_cache=(1, 2048, 4, 128)  cache_seqlens=[32]
W0320 07:08:34.931000 2435100 site-packages/torch/_inductor/utils.py:1613] [0/0_1] Not enough SMs to use max_autotune_gemm mode
cudagraph partition due to non gpu ops
cudagraph partition due to DeviceCopy ops
cudagraph partition into 2 partitions
Model loaded: torch.bfloat16, cuda:0

================================================================================
EAGER MODE SETUP
================================================================================
  Attention backend: flash2
Benchmarking eager (10 warmup, 100 measured)...
Profiling eager (single forward call)...

================================================================================
COMPILE MODE SETUP
================================================================================
  Attention backend: flash2
Benchmarking compile (10 warmup, 100 measured)...
Traceback (most recent call last):
  File "/research/data/transfer/data/n41/fast_v2/debug/bench_forward_bs1.py", line 359, in <module>
    main()
  File "/research/data/transfer/data/n41/fast_v2/debug/bench_forward_bs1.py", line 334, in main
    compile_times = bench_single_forward(
                    ^^^^^^^^^^^^^^^^^^^^^
  File "/research/data/transfer/data/n41/fast_v2/debug/bench_forward_bs1.py", line 57, in bench_single_forward
    _ = forward_fn(
        ^^^^^^^^^^^
  File "/research/data/transfer/data/n41/fast_v2/debug/../utils/dynamo_utils.py", line 264, in _compiled_step
    result = compiled(**kwargs)
             ^^^^^^^^^^^^^^^^^^
  File "/research/data/transfer/data/n41/fast_v2/v2/lib/python3.11/site-packages/torch/_dynamo/eval_frame.py", line 832, in compile_wrapper
    return fn(*args, **kwargs)
           ^^^^^^^^^^^^^^^^^^^
  File "/research/data/transfer/data/n41/fast_v2/v2/lib/python3.11/site-packages/torch/_dynamo/convert_frame.py", line 1875, in __call__
    result = self._torchdynamo_orig_backend(
             ^^^^^^^^^^^^^^^^^^^^^^^^^^^^^^^
  File "/research/data/transfer/data/n41/fast_v2/v2/lib/python3.11/site-packages/torch/_dynamo/convert_frame.py", line 688, in __call__
    result = _compile(
             ^^^^^^^^^
  File "/research/data/transfer/data/n41/fast_v2/v2/lib/python3.11/site-packages/torch/_dynamo/convert_frame.py", line 1434, in _compile
    guarded_code, tracer_output = compile_inner(code, one_graph, hooks)
                                  ^^^^^^^^^^^^^^^^^^^^^^^^^^^^^^^^^^^^^
  File "/research/data/transfer/data/n41/fast_v2/v2/lib/python3.11/site-packages/torch/_utils_internal.py", line 92, in wrapper_function
    return function(*args, **kwargs)
           ^^^^^^^^^^^^^^^^^^^^^^^^^
  File "/research/data/transfer/data/n41/fast_v2/v2/lib/python3.11/site-packages/torch/_dynamo/convert_frame.py", line 1117, in compile_inner
    return _compile_inner(code, one_graph, hooks)
           ^^^^^^^^^^^^^^^^^^^^^^^^^^^^^^^^^^^^^^
  File "/research/data/transfer/data/n41/fast_v2/v2/lib/python3.11/site-packages/torch/_dynamo/convert_frame.py", line 1151, in _compile_inner
    dynamo_output = compile_frame(
                    ^^^^^^^^^^^^^^
  File "/research/data/transfer/data/n41/fast_v2/v2/lib/python3.11/site-packages/torch/_dynamo/convert_frame.py", line 1032, in compile_frame
    bytecode, tracer_output = transform_code_object(code, transform)
                              ^^^^^^^^^^^^^^^^^^^^^^^^^^^^^^^^^^^^^^
  File "/research/data/transfer/data/n41/fast_v2/v2/lib/python3.11/site-packages/torch/_dynamo/bytecode_transformation.py", line 1592, in transform_code_object
    tracer_output = transformations(instructions, code_options)
                    ^^^^^^^^^^^^^^^^^^^^^^^^^^^^^^^^^^^^^^^^^^^
  File "/research/data/transfer/data/n41/fast_v2/v2/lib/python3.11/site-packages/torch/_dynamo/convert_frame.py", line 1004, in transform
    tracer_output = trace_frame(
                    ^^^^^^^^^^^^
  File "/research/data/transfer/data/n41/fast_v2/v2/lib/python3.11/site-packages/torch/_dynamo/convert_frame.py", line 312, in _fn
    return fn(*args, **kwargs)
           ^^^^^^^^^^^^^^^^^^^
  File "/research/data/transfer/data/n41/fast_v2/v2/lib/python3.11/site-packages/torch/_dynamo/convert_frame.py", line 815, in trace_frame
    run_tracer()
  File "/research/data/transfer/data/n41/fast_v2/v2/lib/python3.11/site-packages/torch/_dynamo/convert_frame.py", line 797, in run_tracer
    tracer.run()
  File "/research/data/transfer/data/n41/fast_v2/v2/lib/python3.11/site-packages/torch/_dynamo/symbolic_convert.py", line 1500, in run
    while self.step():
          ^^^^^^^^^^^
  File "/research/data/transfer/data/n41/fast_v2/v2/lib/python3.11/site-packages/torch/_dynamo/symbolic_convert.py", line 1348, in step
    self.dispatch_table[inst.opcode](self, inst)
  File "/research/data/transfer/data/n41/fast_v2/v2/lib/python3.11/site-packages/torch/_dynamo/symbolic_convert.py", line 4103, in RETURN_VALUE
    self._return(inst)
  File "/research/data/transfer/data/n41/fast_v2/v2/lib/python3.11/site-packages/torch/_dynamo/symbolic_convert.py", line 4081, in _return
    all_stack_locals_metadata = self.output.compile_subgraph(
                                ^^^^^^^^^^^^^^^^^^^^^^^^^^^^^
  File "/research/data/transfer/data/n41/fast_v2/v2/lib/python3.11/site-packages/torch/_dynamo/output_graph.py", line 1568, in compile_subgraph
    self.compile_and_call_fx_graph(tx, pass2.graph_output_vars(), root)
  File "/research/data/transfer/data/n41/fast_v2/v2/lib/python3.11/site-packages/torch/_dynamo/output_graph.py", line 2013, in compile_and_call_fx_graph
    compiled_fn = self.call_user_compiler(gm, self.example_inputs())
                  ^^^^^^^^^^^^^^^^^^^^^^^^^^^^^^^^^^^^^^^^^^^^^^^^^^
  File "/research/data/transfer/data/n41/fast_v2/v2/lib/python3.11/site-packages/torch/_dynamo/output_graph.py", line 2136, in call_user_compiler
    return self._call_user_compiler(gm, example_inputs)
           ^^^^^^^^^^^^^^^^^^^^^^^^^^^^^^^^^^^^^^^^^^^^
  File "/research/data/transfer/data/n41/fast_v2/v2/lib/python3.11/site-packages/torch/_dynamo/output_graph.py", line 2171, in _call_user_compiler
    compiled_fn = compiler_fn(gm, example_inputs)
                  ^^^^^^^^^^^^^^^^^^^^^^^^^^^^^^^
  File "/research/data/transfer/data/n41/fast_v2/v2/lib/python3.11/site-packages/torch/_dynamo/repro/after_dynamo.py", line 156, in __call__
    compiled_gm = compiler_fn(gm, example_inputs)
                  ^^^^^^^^^^^^^^^^^^^^^^^^^^^^^^^
  File "/research/data/transfer/data/n41/fast_v2/v2/lib/python3.11/site-packages/torch/__init__.py", line 2392, in __call__
    return compile_fx(model_, inputs_, config_patches=self.config)
           ^^^^^^^^^^^^^^^^^^^^^^^^^^^^^^^^^^^^^^^^^^^^^^^^^^^^^^^
  File "/research/data/transfer/data/n41/fast_v2/v2/lib/python3.11/site-packages/torch/_inductor/compile_fx.py", line 2413, in compile_fx
    return compile_fx(
           ^^^^^^^^^^^
  File "/research/data/transfer/data/n41/fast_v2/v2/lib/python3.11/site-packages/torch/_inductor/compile_fx.py", line 2681, in compile_fx
    return aot_autograd(
           ^^^^^^^^^^^^^
  File "/research/data/transfer/data/n41/fast_v2/v2/lib/python3.11/site-packages/torch/_dynamo/backends/common.py", line 117, in __call__
    cg = aot_module_simplified(gm, example_inputs, **self.kwargs)
         ^^^^^^^^^^^^^^^^^^^^^^^^^^^^^^^^^^^^^^^^^^^^^^^^^^^^^^^^
  File "/research/data/transfer/data/n41/fast_v2/v2/lib/python3.11/site-packages/torch/_functorch/aot_autograd.py", line 1106, in aot_module_simplified
    compiled_fn, _ = aot_stage2_compile(aot_state, aot_graph_capture)
                     ^^^^^^^^^^^^^^^^^^^^^^^^^^^^^^^^^^^^^^^^^^^^^^^^
  File "/research/data/transfer/data/n41/fast_v2/v2/lib/python3.11/site-packages/torch/_functorch/_aot_autograd/graph_compile.py", line 242, in aot_stage2_compile
    return aot_stage2_inference(aot_state, aot_graph_capture)
           ^^^^^^^^^^^^^^^^^^^^^^^^^^^^^^^^^^^^^^^^^^^^^^^^^^
  File "/research/data/transfer/data/n41/fast_v2/v2/lib/python3.11/site-packages/torch/_functorch/_aot_autograd/graph_compile.py", line 315, in aot_stage2_inference
    compiled_fw = compiler(fw_module, updated_flat_args)
                  ^^^^^^^^^^^^^^^^^^^^^^^^^^^^^^^^^^^^^^
  File "/research/data/transfer/data/n41/fast_v2/v2/lib/python3.11/site-packages/torch/_functorch/_aot_autograd/schemas.py", line 1251, in __call__
    return self.compiler_fn(gm, example_inputs)
           ^^^^^^^^^^^^^^^^^^^^^^^^^^^^^^^^^^^^
  File "/research/data/transfer/data/n41/fast_v2/v2/lib/python3.11/site-packages/torch/_inductor/compile_fx.py", line 2558, in fw_compiler_base
    return compile_fx_forward(
           ^^^^^^^^^^^^^^^^^^^
  File "/research/data/transfer/data/n41/fast_v2/v2/lib/python3.11/site-packages/torch/_inductor/compile_fx.py", line 2275, in compile_fx_forward
    return inner_compile(
           ^^^^^^^^^^^^^^
  File "/research/data/transfer/data/n41/fast_v2/v2/lib/python3.11/contextlib.py", line 81, in inner
    return func(*args, **kwds)
           ^^^^^^^^^^^^^^^^^^^
  File "/research/data/transfer/data/n41/fast_v2/v2/lib/python3.11/site-packages/torch/_inductor/compile_fx.py", line 782, in compile_fx_inner
    return wrap_compiler_debug(_compile_fx_inner, compiler_name="inductor")(
           ^^^^^^^^^^^^^^^^^^^^^^^^^^^^^^^^^^^^^^^^^^^^^^^^^^^^^^^^^^^^^^^^^
  File "/research/data/transfer/data/n41/fast_v2/v2/lib/python3.11/site-packages/torch/_dynamo/repro/after_aot.py", line 144, in debug_wrapper
    inner_compiled_fn = compiler_fn(gm, example_inputs)
                        ^^^^^^^^^^^^^^^^^^^^^^^^^^^^^^^
  File "/research/data/transfer/data/n41/fast_v2/v2/lib/python3.11/site-packages/torch/_inductor/compile_fx.py", line 974, in _compile_fx_inner
    mb_compiled_graph = fx_codegen_and_compile(
                        ^^^^^^^^^^^^^^^^^^^^^^^
  File "/research/data/transfer/data/n41/fast_v2/v2/lib/python3.11/site-packages/torch/_inductor/compile_fx.py", line 1695, in fx_codegen_and_compile
    return scheme.codegen_and_compile(gm, example_inputs, inputs_to_check, graph_kwargs)
           ^^^^^^^^^^^^^^^^^^^^^^^^^^^^^^^^^^^^^^^^^^^^^^^^^^^^^^^^^^^^^^^^^^^^^^^^^^^^^
  File "/research/data/transfer/data/n41/fast_v2/v2/lib/python3.11/site-packages/torch/_inductor/compile_fx.py", line 1629, in codegen_and_compile
    return CompiledFxGraph(
           ^^^^^^^^^^^^^^^^
  File "/research/data/transfer/data/n41/fast_v2/v2/lib/python3.11/site-packages/torch/_inductor/output_code.py", line 522, in __init__
    complex_memory_overlap_inputs = any(
                                    ^^^^
  File "/research/data/transfer/data/n41/fast_v2/v2/lib/python3.11/site-packages/torch/_inductor/output_code.py", line 523, in <genexpr>
    complex_memory_overlap(t)
  File "/research/data/transfer/data/n41/fast_v2/v2/lib/python3.11/site-packages/torch/_inductor/output_code.py", line 131, in complex_memory_overlap
    t = index_expanded_dims(t, get_expanded_dims(t)).squeeze()
        ^^^^^^^^^^^^^^^^^^^^^^^^^^^^^^^^^^^^^^^^^^^^^^^^^^^^^^
  File "/research/data/transfer/data/n41/fast_v2/v2/lib/python3.11/site-packages/torch/utils/_stats.py", line 28, in wrapper
    return fn(*args, **kwargs)
           ^^^^^^^^^^^^^^^^^^^
  File "/research/data/transfer/data/n41/fast_v2/v2/lib/python3.11/site-packages/torch/_subclasses/fake_tensor.py", line 871, in __torch_dispatch__
    with fake_mode:
  File "/research/data/transfer/data/n41/fast_v2/v2/lib/python3.11/site-packages/torch/_subclasses/fake_tensor.py", line 1386, in __enter__
    if self.avoid_device_init:
       ^^^^^^^^^^^^^^^^^^^^^^
  File "/research/data/transfer/data/n41/fast_v2/v2/lib/python3.11/site-packages/torch/_subclasses/fake_tensor.py", line 1346, in avoid_device_init
    @property

KeyboardInterrupt
Exception ignored in atexit callback: <function shutdown_compile_workers at 0x7f4b6c261800>
Traceback (most recent call last):
  File "/research/data/transfer/data/n41/fast_v2/v2/lib/python3.11/site-packages/torch/_inductor/async_compile.py", line 150, in shutdown_compile_workers
    pool.shutdown()
  File "/research/data/transfer/data/n41/fast_v2/v2/lib/python3.11/site-packages/torch/_inductor/compile_worker/subproc_pool.py", line 282, in shutdown
    self.process.wait(300)
  File "/research/data/transfer/data/n41/fast_v2/v2/lib/python3.11/subprocess.py", line 1277, in wait
    self._wait(timeout=sigint_timeout)
  File "/research/data/transfer/data/n41/fast_v2/v2/lib/python3.11/subprocess.py", line 2047, in _wait
    time.sleep(delay)
KeyboardInterrupt: 
