Loading model...
Loading checkpoint shards:   0%|          | 0/4 [00:00<?, ?it/s]Loading checkpoint shards:  25%|██▌       | 1/4 [00:01<00:03,  1.01s/it]Loading checkpoint shards:  50%|█████     | 2/4 [00:02<00:02,  1.02s/it]Loading checkpoint shards:  75%|███████▌  | 3/4 [00:02<00:00,  1.03it/s]Loading checkpoint shards: 100%|██████████| 4/4 [00:03<00:00,  1.49it/s]Loading checkpoint shards: 100%|██████████| 4/4 [00:03<00:00,  1.27it/s]
Model: torch.bfloat16, cuda:0
Batch sizes: [1, 2, 4, 8]
Modes: ['eager']
Limit: 32 prompts

======================================================================
  BS=1  mode=eager  limit=32
======================================================================
Loading checkpoint shards:   0%|          | 0/4 [00:00<?, ?it/s]Loading checkpoint shards: 100%|██████████| 4/4 [00:00<00:00, 102.23it/s]
Using static KV / torch.compile / CUDA-graph optimized path
Traceback (most recent call last):
  File "/research/data/transfer/data/n41/fast_v2/debug/bench_sync_overhead.py", line 385, in <module>
    main()
  File "/research/data/transfer/data/n41/fast_v2/debug/bench_sync_overhead.py", line 317, in main
    result = run_eval_timed(
             ^^^^^^^^^^^^^^^
  File "/research/data/transfer/data/n41/fast_v2/debug/bench_sync_overhead.py", line 74, in run_eval_timed
    harness = Fast_dLLM_v2EvalHarness(
              ^^^^^^^^^^^^^^^^^^^^^^^^
  File "/research/data/transfer/data/n41/fast_v2/debug/../eval.py", line 119, in __init__
    self.model = self.model.to(device)
                 ^^^^^^^^^^^^^^^^^^^^^
  File "/research/data/transfer/data/n41/fast_v2/v2/lib/python3.11/site-packages/transformers/modeling_utils.py", line 4110, in to
    return super().to(*args, **kwargs)
           ^^^^^^^^^^^^^^^^^^^^^^^^^^^
  File "/research/data/transfer/data/n41/fast_v2/v2/lib/python3.11/site-packages/torch/nn/modules/module.py", line 1371, in to
    return self._apply(convert)
           ^^^^^^^^^^^^^^^^^^^^
  File "/research/data/transfer/data/n41/fast_v2/v2/lib/python3.11/site-packages/torch/nn/modules/module.py", line 930, in _apply
    module._apply(fn)
  File "/research/data/transfer/data/n41/fast_v2/v2/lib/python3.11/site-packages/torch/nn/modules/module.py", line 930, in _apply
    module._apply(fn)
  File "/research/data/transfer/data/n41/fast_v2/v2/lib/python3.11/site-packages/torch/nn/modules/module.py", line 957, in _apply
    param_applied = fn(param)
                    ^^^^^^^^^
  File "/research/data/transfer/data/n41/fast_v2/v2/lib/python3.11/site-packages/torch/nn/modules/module.py", line 1357, in convert
    return t.to(
           ^^^^^
torch.OutOfMemoryError: CUDA out of memory. Tried to allocate 1.02 GiB. GPU 0 has a total capacity of 22.18 GiB of which 186.00 MiB is free. Process 2987186 has 6.92 GiB memory in use. Including non-PyTorch memory, this process has 15.07 GiB memory in use. Of the allocated memory 14.19 GiB is allocated by PyTorch, and 707.86 MiB is reserved by PyTorch but unallocated. If reserved but unallocated memory is large try setting PYTORCH_CUDA_ALLOC_CONF=expandable_segments:True to avoid fragmentation.  See documentation for Memory Management  (https://pytorch.org/docs/stable/notes/cuda.html#environment-variables)
