==============================================
Detected 8 GPU(s): 0 1 2 3 4 5 6 7
GPU memory busy threshold: 1000 MB
==============================================

Current GPU Status (memory + compute processes):
----------------------------------------------
  GPU 0: 2MB / 23028MB - AVAILABLE
  GPU 1: 2MB / 23028MB - AVAILABLE
  GPU 2: 2MB / 23028MB - AVAILABLE
  GPU 3: 2MB / 23028MB - AVAILABLE
  GPU 4: 2MB / 23028MB - AVAILABLE
  GPU 5: 2MB / 23028MB - AVAILABLE
  GPU 6: 2MB / 23028MB - AVAILABLE
  GPU 7: 2MB / 23028MB - AVAILABLE
----------------------------------------------
==============================================
Starting Parallel Configuration Sweep
Logs will be saved to: logs/sweep_parallel_20260320_082325
==============================================

Configurations: 10 total, starting from #1
GPUs available: 8

----------------------------------------------
[1/10] Dynamo eager compact bs=1
  [GPU 0] Starting: Dynamo eager compact bs=1
    Log: logs/sweep_parallel_20260320_082325/dynamo_eager_compact/bs_1.log
    PID: 2736554
----------------------------------------------
[2/10] Dynamo compile compact bs=1
  [GPU 1] Starting: Dynamo compile compact bs=1
    Log: logs/sweep_parallel_20260320_082325/dynamo_compile_compact/bs_1.log
    PID: 2736646
----------------------------------------------
[3/10] Dynamo eager compact bs=2
  [GPU 2] Starting: Dynamo eager compact bs=2
    Log: logs/sweep_parallel_20260320_082325/dynamo_eager_compact/bs_2.log
    PID: 2736735
----------------------------------------------
[4/10] Dynamo compile compact bs=2
  [GPU 3] Starting: Dynamo compile compact bs=2
    Log: logs/sweep_parallel_20260320_082325/dynamo_compile_compact/bs_2.log
    PID: 2736822
----------------------------------------------
[5/10] Dynamo eager compact bs=4
  [GPU 4] Starting: Dynamo eager compact bs=4
    Log: logs/sweep_parallel_20260320_082325/dynamo_eager_compact/bs_4.log
    PID: 2737096
----------------------------------------------
[6/10] Dynamo compile compact bs=4
  [GPU 5] Starting: Dynamo compile compact bs=4
    Log: logs/sweep_parallel_20260320_082325/dynamo_compile_compact/bs_4.log
    PID: 2737242
----------------------------------------------
[7/10] Dynamo eager compact bs=8
  [GPU 6] Starting: Dynamo eager compact bs=8
    Log: logs/sweep_parallel_20260320_082325/dynamo_eager_compact/bs_8.log
    PID: 2737384
----------------------------------------------
[8/10] Dynamo compile compact bs=8
  [GPU 7] Starting: Dynamo compile compact bs=8
    Log: logs/sweep_parallel_20260320_082325/dynamo_compile_compact/bs_8.log
    PID: 2737527
----------------------------------------------
[9/10] Dynamo eager compact bs=16
  All GPUs busy (ours or other users). Waiting...
  [GPU 6] Starting: Dynamo eager compact bs=16
    Log: logs/sweep_parallel_20260320_082325/dynamo_eager_compact/bs_16.log
    PID: 2740947
----------------------------------------------
[10/10] Dynamo compile compact bs=16
  All GPUs busy (ours or other users). Waiting...
  [GPU 7] Starting: Dynamo compile compact bs=16
    Log: logs/sweep_parallel_20260320_082325/dynamo_compile_compact/bs_16.log
    PID: 2741229

==============================================
All configs (1 to 10) scheduled!
Waiting for remaining jobs to complete...
==============================================

==============================================
COMPLETE! All configurations finished.
Logs: logs/sweep_parallel_20260320_082325/
==============================================
