==============================================
Detected 8 GPU(s): 0 1 2 3 4 5 6 7
GPU memory busy threshold: 1000 MB
==============================================

Current GPU Status:
----------------------------------------------
  GPU 0: 2MB / 23028MB - AVAILABLE
  GPU 1: 2MB / 23028MB - AVAILABLE
  GPU 2: 2MB / 23028MB - AVAILABLE
  GPU 3: 2MB / 23028MB - AVAILABLE
  GPU 4: 2MB / 23028MB - AVAILABLE
  GPU 5: 2MB / 23028MB - AVAILABLE
  GPU 6: 2MB / 23028MB - AVAILABLE
  GPU 7: 2MB / 23028MB - AVAILABLE
----------------------------------------------
==============================================
Starting Parallel Configuration Sweep
Logs will be saved to: logs/sweep_parallel_20260317_140655
==============================================

Configurations: 8 total, starting from #1
GPUs available: 8

----------------------------------------------
[1/8] Dynamo bs=8
  [GPU 0] Starting: Dynamo bs=8
    Log: logs/sweep_parallel_20260317_140655/dynamo/bs_8.log
    PID: 492960
----------------------------------------------
[2/8] Sparse ratio=0.25 bs=8
  [GPU 1] Starting: Sparse ratio=0.25 bs=8
    Log: logs/sweep_parallel_20260317_140655/sparse_ratio_0.25/bs_8.log
    PID: 493060
----------------------------------------------
[3/8] Sparse ratio=0.50 bs=8
  [GPU 2] Starting: Sparse ratio=0.50 bs=8
    Log: logs/sweep_parallel_20260317_140655/sparse_ratio_0.50/bs_8.log
    PID: 493166
----------------------------------------------
[4/8] Sparse ratio=0.75 bs=8
  [GPU 3] Starting: Sparse ratio=0.75 bs=8
    Log: logs/sweep_parallel_20260317_140655/sparse_ratio_0.75/bs_8.log
    PID: 493238
----------------------------------------------
[5/8] Dynamo bs=16
  [GPU 4] Starting: Dynamo bs=16
    Log: logs/sweep_parallel_20260317_140655/dynamo/bs_16.log
    PID: 493502
----------------------------------------------
[6/8] Sparse ratio=0.25 bs=16
  [GPU 5] Starting: Sparse ratio=0.25 bs=16
    Log: logs/sweep_parallel_20260317_140655/sparse_ratio_0.25/bs_16.log
    PID: 493649
----------------------------------------------
[7/8] Sparse ratio=0.50 bs=16
  [GPU 6] Starting: Sparse ratio=0.50 bs=16
    Log: logs/sweep_parallel_20260317_140655/sparse_ratio_0.50/bs_16.log
    PID: 493732
----------------------------------------------
[8/8] Sparse ratio=0.75 bs=16
  [GPU 7] Starting: Sparse ratio=0.75 bs=16
    Log: logs/sweep_parallel_20260317_140655/sparse_ratio_0.75/bs_16.log
    PID: 493933

==============================================
All configs (1 to 8) scheduled!
Waiting for remaining jobs to complete...
==============================================

==============================================
COMPLETE! All configurations finished.
Logs: logs/sweep_parallel_20260317_140655/
==============================================
