==============================================
Detected 8 GPU(s): 0 1 2 3 4 5 6 7
GPU memory busy threshold: 1000 MB
==============================================

Current GPU Status (memory + compute processes):
----------------------------------------------
  GPU 0: 2MB / 23028MB - AVAILABLE
  GPU 1: 2MB / 23028MB - AVAILABLE
  GPU 2: 2MB / 23028MB - AVAILABLE
  GPU 3: 2MB / 23028MB - AVAILABLE
  GPU 4: 2MB / 23028MB - AVAILABLE
  GPU 5: 2MB / 23028MB - AVAILABLE
  GPU 6: 2MB / 23028MB - AVAILABLE
  GPU 7: 2MB / 23028MB - AVAILABLE
----------------------------------------------
==============================================
Starting Parallel Configuration Sweep
Logs will be saved to: logs/sweep_parallel_20260320_025339
==============================================

Configurations: 10 total, starting from #1
GPUs available: 8

----------------------------------------------
[1/10] Dynamo compile static bs=1
  [GPU 0] Starting: Dynamo compile static bs=1
    Log: logs/sweep_parallel_20260320_025339/dynamo_compile_static/bs_1.log
    PID: 2657504
----------------------------------------------
[2/10] Dynamo compile compact bs=1
  [GPU 1] Starting: Dynamo compile compact bs=1
    Log: logs/sweep_parallel_20260320_025339/dynamo_compile_compact/bs_1.log
    PID: 2657594
----------------------------------------------
[3/10] Dynamo compile static bs=2
  [GPU 2] Starting: Dynamo compile static bs=2
    Log: logs/sweep_parallel_20260320_025339/dynamo_compile_static/bs_2.log
    PID: 2657695
----------------------------------------------
[4/10] Dynamo compile compact bs=2
  [GPU 3] Starting: Dynamo compile compact bs=2
    Log: logs/sweep_parallel_20260320_025339/dynamo_compile_compact/bs_2.log
    PID: 2657778
----------------------------------------------
[5/10] Dynamo compile static bs=4
  [GPU 4] Starting: Dynamo compile static bs=4
    Log: logs/sweep_parallel_20260320_025339/dynamo_compile_static/bs_4.log
    PID: 2658047
----------------------------------------------
[6/10] Dynamo compile compact bs=4
  [GPU 5] Starting: Dynamo compile compact bs=4
    Log: logs/sweep_parallel_20260320_025339/dynamo_compile_compact/bs_4.log
    PID: 2658195
----------------------------------------------
[7/10] Dynamo compile static bs=8
  [GPU 6] Starting: Dynamo compile static bs=8
    Log: logs/sweep_parallel_20260320_025339/dynamo_compile_static/bs_8.log
    PID: 2658279
----------------------------------------------
[8/10] Dynamo compile compact bs=8
  [GPU 7] Starting: Dynamo compile compact bs=8
    Log: logs/sweep_parallel_20260320_025339/dynamo_compile_compact/bs_8.log
    PID: 2658424
----------------------------------------------
[9/10] Dynamo compile static bs=16
  All GPUs busy (ours or other users). Waiting...
  [GPU 7] Starting: Dynamo compile static bs=16
    Log: logs/sweep_parallel_20260320_025339/dynamo_compile_static/bs_16.log
    PID: 2664365
----------------------------------------------
[10/10] Dynamo compile compact bs=16
  All GPUs busy (ours or other users). Waiting...
  [GPU 5] Starting: Dynamo compile compact bs=16
    Log: logs/sweep_parallel_20260320_025339/dynamo_compile_compact/bs_16.log
    PID: 2664794

==============================================
All configs (1 to 10) scheduled!
Waiting for remaining jobs to complete...
==============================================

==============================================
COMPLETE! All configurations finished.
Logs: logs/sweep_parallel_20260320_025339/
==============================================
